Performing C SOURCE FILE Test HAVE_GCC_WDOCUMENTATION failed with the following output:
Change Dir: /home/feng/Projects/myapp/build/CMakeFiles/CMakeScratch/TryCompile-MjWWOk

Run Build Command(s):/usr/bin/gmake -f Makefile cmTC_1c181/fast && /usr/bin/gmake  -f CMakeFiles/cmTC_1c181.dir/build.make CMakeFiles/cmTC_1c181.dir/build
gmake[1]: Entering directory '/home/feng/Projects/myapp/build/CMakeFiles/CMakeScratch/TryCompile-MjWWOk'
Building C object CMakeFiles/cmTC_1c181.dir/src.c.o
/usr/bin/cc -DHAVE_GCC_WDOCUMENTATION  -D_GNU_SOURCE=1   -Wdocumentation -o CMakeFiles/cmTC_1c181.dir/src.c.o -c /home/feng/Projects/myapp/build/CMakeFiles/CMakeScratch/TryCompile-MjWWOk/src.c
cc: error: unrecognized command-line option '-Wdocumentation'
gmake[1]: *** [CMakeFiles/cmTC_1c181.dir/build.make:78: CMakeFiles/cmTC_1c181.dir/src.c.o] Error 1
gmake[1]: Leaving directory '/home/feng/Projects/myapp/build/CMakeFiles/CMakeScratch/TryCompile-MjWWOk'
gmake: *** [Makefile:127: cmTC_1c181/fast] Error 2


Source file was:
int main(void) { return 0; }

Performing C SOURCE FILE Test HAVE_GCC_WDOCUMENTATION_UNKNOWN_COMMAND failed with the following output:
Change Dir: /home/feng/Projects/myapp/build/CMakeFiles/CMakeScratch/TryCompile-bZXZTf

Run Build Command(s):/usr/bin/gmake -f Makefile cmTC_f4584/fast && /usr/bin/gmake  -f CMakeFiles/cmTC_f4584.dir/build.make CMakeFiles/cmTC_f4584.dir/build
gmake[1]: Entering directory '/home/feng/Projects/myapp/build/CMakeFiles/CMakeScratch/TryCompile-bZXZTf'
Building C object CMakeFiles/cmTC_f4584.dir/src.c.o
/usr/bin/cc -DHAVE_GCC_WDOCUMENTATION_UNKNOWN_COMMAND  -D_GNU_SOURCE=1   -Wdocumentation-unknown-command -o CMakeFiles/cmTC_f4584.dir/src.c.o -c /home/feng/Projects/myapp/build/CMakeFiles/CMakeScratch/TryCompile-bZXZTf/src.c
cc: error: unrecognized command-line option '-Wdocumentation-unknown-command'
gmake[1]: *** [CMakeFiles/cmTC_f4584.dir/build.make:78: CMakeFiles/cmTC_f4584.dir/src.c.o] Error 1
gmake[1]: Leaving directory '/home/feng/Projects/myapp/build/CMakeFiles/CMakeScratch/TryCompile-bZXZTf'
gmake: *** [Makefile:127: cmTC_f4584/fast] Error 2


Source file was:
int main(void) { return 0; }

Performing C SOURCE FILE Test HAVE_GCC_COMMENT_BLOCK_COMMANDS failed with the following output:
Change Dir: /home/feng/Projects/myapp/build/CMakeFiles/CMakeScratch/TryCompile-AZGaTa

Run Build Command(s):/usr/bin/gmake -f Makefile cmTC_3d2b6/fast && /usr/bin/gmake  -f CMakeFiles/cmTC_3d2b6.dir/build.make CMakeFiles/cmTC_3d2b6.dir/build
gmake[1]: Entering directory '/home/feng/Projects/myapp/build/CMakeFiles/CMakeScratch/TryCompile-AZGaTa'
Building C object CMakeFiles/cmTC_3d2b6.dir/src.c.o
/usr/bin/cc -DHAVE_GCC_COMMENT_BLOCK_COMMANDS  -D_GNU_SOURCE=1   -fcomment-block-commands=threadsafety -o CMakeFiles/cmTC_3d2b6.dir/src.c.o -c /home/feng/Projects/myapp/build/CMakeFiles/CMakeScratch/TryCompile-AZGaTa/src.c
cc: error: unrecognized command-line option '-fcomment-block-commands=threadsafety'
gmake[1]: *** [CMakeFiles/cmTC_3d2b6.dir/build.make:78: CMakeFiles/cmTC_3d2b6.dir/src.c.o] Error 1
gmake[1]: Leaving directory '/home/feng/Projects/myapp/build/CMakeFiles/CMakeScratch/TryCompile-AZGaTa'
gmake: *** [Makefile:127: cmTC_3d2b6/fast] Error 2


Source file was:
int main(void) { return 0; }

Performing C SOURCE FILE Test HAVE_CLANG_COMMENT_BLOCK_COMMANDS failed with the following output:
Change Dir: /home/feng/Projects/myapp/build/CMakeFiles/CMakeScratch/TryCompile-eQHAni

Run Build Command(s):/usr/bin/gmake -f Makefile cmTC_576a1/fast && /usr/bin/gmake  -f CMakeFiles/cmTC_576a1.dir/build.make CMakeFiles/cmTC_576a1.dir/build
gmake[1]: Entering directory '/home/feng/Projects/myapp/build/CMakeFiles/CMakeScratch/TryCompile-eQHAni'
Building C object CMakeFiles/cmTC_576a1.dir/src.c.o
/usr/bin/cc -DHAVE_CLANG_COMMENT_BLOCK_COMMANDS  -D_GNU_SOURCE=1   /clang:-fcomment-block-commands=threadsafety -o CMakeFiles/cmTC_576a1.dir/src.c.o -c /home/feng/Projects/myapp/build/CMakeFiles/CMakeScratch/TryCompile-eQHAni/src.c
cc: warning: /clang:-fcomment-block-commands=threadsafety: linker input file unused because linking not done
cc: error: /clang:-fcomment-block-commands=threadsafety: linker input file not found: No such file or directory
gmake[1]: *** [CMakeFiles/cmTC_576a1.dir/build.make:78: CMakeFiles/cmTC_576a1.dir/src.c.o] Error 1
gmake[1]: *** Deleting file 'CMakeFiles/cmTC_576a1.dir/src.c.o'
gmake[1]: Leaving directory '/home/feng/Projects/myapp/build/CMakeFiles/CMakeScratch/TryCompile-eQHAni'
gmake: *** [Makefile:127: cmTC_576a1/fast] Error 2


Source file was:
int main(void) { return 0; }

Determining if the _i64toa exist failed with the following output:
Change Dir: /home/feng/Projects/myapp/build/CMakeFiles/CMakeScratch/TryCompile-UE1SqY

Run Build Command(s):/usr/bin/gmake -f Makefile cmTC_20459/fast && /usr/bin/gmake  -f CMakeFiles/cmTC_20459.dir/build.make CMakeFiles/cmTC_20459.dir/build
gmake[1]: Entering directory '/home/feng/Projects/myapp/build/CMakeFiles/CMakeScratch/TryCompile-UE1SqY'
Building C object CMakeFiles/cmTC_20459.dir/CheckSymbolExists.c.o
/usr/bin/cc   -D_GNU_SOURCE=1 -o CMakeFiles/cmTC_20459.dir/CheckSymbolExists.c.o -c /home/feng/Projects/myapp/build/CMakeFiles/CMakeScratch/TryCompile-UE1SqY/CheckSymbolExists.c
/home/feng/Projects/myapp/build/CMakeFiles/CMakeScratch/TryCompile-UE1SqY/CheckSymbolExists.c: In function ‘main’:
/home/feng/Projects/myapp/build/CMakeFiles/CMakeScratch/TryCompile-UE1SqY/CheckSymbolExists.c:26:19: error: ‘_i64toa’ undeclared (first use in this function)
   26 |   return ((int*)(&_i64toa))[argc];
      |                   ^~~~~~~
/home/feng/Projects/myapp/build/CMakeFiles/CMakeScratch/TryCompile-UE1SqY/CheckSymbolExists.c:26:19: note: each undeclared identifier is reported only once for each function it appears in
gmake[1]: *** [CMakeFiles/cmTC_20459.dir/build.make:78: CMakeFiles/cmTC_20459.dir/CheckSymbolExists.c.o] Error 1
gmake[1]: Leaving directory '/home/feng/Projects/myapp/build/CMakeFiles/CMakeScratch/TryCompile-UE1SqY'
gmake: *** [Makefile:127: cmTC_20459/fast] Error 2


File CheckSymbolExists.c:
/* */
#include <float.h>
#include <iconv.h>
#include <inttypes.h>
#include <limits.h>
#include <malloc.h>
#include <math.h>
#include <memory.h>
#include <signal.h>
#include <stdarg.h>
#include <stdbool.h>
#include <stddef.h>
#include <stdint.h>
#include <stdio.h>
#include <stdlib.h>
#include <string.h>
#include <strings.h>
#include <sys/types.h>
#include <time.h>
#include <wchar.h>

int main(int argc, char** argv)
{
  (void)argv;
#ifndef _i64toa
  return ((int*)(&_i64toa))[argc];
#else
  (void)argc;
  return 0;
#endif
}
Determining if the itoa exist failed with the following output:
Change Dir: /home/feng/Projects/myapp/build/CMakeFiles/CMakeScratch/TryCompile-ht181i

Run Build Command(s):/usr/bin/gmake -f Makefile cmTC_4d002/fast && /usr/bin/gmake  -f CMakeFiles/cmTC_4d002.dir/build.make CMakeFiles/cmTC_4d002.dir/build
gmake[1]: Entering directory '/home/feng/Projects/myapp/build/CMakeFiles/CMakeScratch/TryCompile-ht181i'
Building C object CMakeFiles/cmTC_4d002.dir/CheckSymbolExists.c.o
/usr/bin/cc   -D_GNU_SOURCE=1 -o CMakeFiles/cmTC_4d002.dir/CheckSymbolExists.c.o -c /home/feng/Projects/myapp/build/CMakeFiles/CMakeScratch/TryCompile-ht181i/CheckSymbolExists.c
/home/feng/Projects/myapp/build/CMakeFiles/CMakeScratch/TryCompile-ht181i/CheckSymbolExists.c: In function ‘main’:
/home/feng/Projects/myapp/build/CMakeFiles/CMakeScratch/TryCompile-ht181i/CheckSymbolExists.c:26:19: error: ‘itoa’ undeclared (first use in this function)
   26 |   return ((int*)(&itoa))[argc];
      |                   ^~~~
/home/feng/Projects/myapp/build/CMakeFiles/CMakeScratch/TryCompile-ht181i/CheckSymbolExists.c:26:19: note: each undeclared identifier is reported only once for each function it appears in
gmake[1]: *** [CMakeFiles/cmTC_4d002.dir/build.make:78: CMakeFiles/cmTC_4d002.dir/CheckSymbolExists.c.o] Error 1
gmake[1]: Leaving directory '/home/feng/Projects/myapp/build/CMakeFiles/CMakeScratch/TryCompile-ht181i'
gmake: *** [Makefile:127: cmTC_4d002/fast] Error 2


File CheckSymbolExists.c:
/* */
#include <float.h>
#include <iconv.h>
#include <inttypes.h>
#include <limits.h>
#include <malloc.h>
#include <math.h>
#include <memory.h>
#include <signal.h>
#include <stdarg.h>
#include <stdbool.h>
#include <stddef.h>
#include <stdint.h>
#include <stdio.h>
#include <stdlib.h>
#include <string.h>
#include <strings.h>
#include <sys/types.h>
#include <time.h>
#include <wchar.h>

int main(int argc, char** argv)
{
  (void)argv;
#ifndef itoa
  return ((int*)(&itoa))[argc];
#else
  (void)argc;
  return 0;
#endif
}
Determining if the _ltoa exist failed with the following output:
Change Dir: /home/feng/Projects/myapp/build/CMakeFiles/CMakeScratch/TryCompile-E5Octg

Run Build Command(s):/usr/bin/gmake -f Makefile cmTC_64f25/fast && /usr/bin/gmake  -f CMakeFiles/cmTC_64f25.dir/build.make CMakeFiles/cmTC_64f25.dir/build
gmake[1]: Entering directory '/home/feng/Projects/myapp/build/CMakeFiles/CMakeScratch/TryCompile-E5Octg'
Building C object CMakeFiles/cmTC_64f25.dir/CheckSymbolExists.c.o
/usr/bin/cc   -D_GNU_SOURCE=1 -o CMakeFiles/cmTC_64f25.dir/CheckSymbolExists.c.o -c /home/feng/Projects/myapp/build/CMakeFiles/CMakeScratch/TryCompile-E5Octg/CheckSymbolExists.c
/home/feng/Projects/myapp/build/CMakeFiles/CMakeScratch/TryCompile-E5Octg/CheckSymbolExists.c: In function ‘main’:
/home/feng/Projects/myapp/build/CMakeFiles/CMakeScratch/TryCompile-E5Octg/CheckSymbolExists.c:26:19: error: ‘_ltoa’ undeclared (first use in this function)
   26 |   return ((int*)(&_ltoa))[argc];
      |                   ^~~~~
/home/feng/Projects/myapp/build/CMakeFiles/CMakeScratch/TryCompile-E5Octg/CheckSymbolExists.c:26:19: note: each undeclared identifier is reported only once for each function it appears in
gmake[1]: *** [CMakeFiles/cmTC_64f25.dir/build.make:78: CMakeFiles/cmTC_64f25.dir/CheckSymbolExists.c.o] Error 1
gmake[1]: Leaving directory '/home/feng/Projects/myapp/build/CMakeFiles/CMakeScratch/TryCompile-E5Octg'
gmake: *** [Makefile:127: cmTC_64f25/fast] Error 2


File CheckSymbolExists.c:
/* */
#include <float.h>
#include <iconv.h>
#include <inttypes.h>
#include <limits.h>
#include <malloc.h>
#include <math.h>
#include <memory.h>
#include <signal.h>
#include <stdarg.h>
#include <stdbool.h>
#include <stddef.h>
#include <stdint.h>
#include <stdio.h>
#include <stdlib.h>
#include <string.h>
#include <strings.h>
#include <sys/types.h>
#include <time.h>
#include <wchar.h>

int main(int argc, char** argv)
{
  (void)argv;
#ifndef _ltoa
  return ((int*)(&_ltoa))[argc];
#else
  (void)argc;
  return 0;
#endif
}
Determining if the sqr exist failed with the following output:
Change Dir: /home/feng/Projects/myapp/build/CMakeFiles/CMakeScratch/TryCompile-bgkykb

Run Build Command(s):/usr/bin/gmake -f Makefile cmTC_67a0b/fast && /usr/bin/gmake  -f CMakeFiles/cmTC_67a0b.dir/build.make CMakeFiles/cmTC_67a0b.dir/build
gmake[1]: Entering directory '/home/feng/Projects/myapp/build/CMakeFiles/CMakeScratch/TryCompile-bgkykb'
Building C object CMakeFiles/cmTC_67a0b.dir/CheckSymbolExists.c.o
/usr/bin/cc   -D_GNU_SOURCE=1 -o CMakeFiles/cmTC_67a0b.dir/CheckSymbolExists.c.o -c /home/feng/Projects/myapp/build/CMakeFiles/CMakeScratch/TryCompile-bgkykb/CheckSymbolExists.c
/home/feng/Projects/myapp/build/CMakeFiles/CMakeScratch/TryCompile-bgkykb/CheckSymbolExists.c: In function ‘main’:
/home/feng/Projects/myapp/build/CMakeFiles/CMakeScratch/TryCompile-bgkykb/CheckSymbolExists.c:26:19: error: ‘sqr’ undeclared (first use in this function); did you mean ‘sqrt’?
   26 |   return ((int*)(&sqr))[argc];
      |                   ^~~
      |                   sqrt
/home/feng/Projects/myapp/build/CMakeFiles/CMakeScratch/TryCompile-bgkykb/CheckSymbolExists.c:26:19: note: each undeclared identifier is reported only once for each function it appears in
gmake[1]: *** [CMakeFiles/cmTC_67a0b.dir/build.make:78: CMakeFiles/cmTC_67a0b.dir/CheckSymbolExists.c.o] Error 1
gmake[1]: Leaving directory '/home/feng/Projects/myapp/build/CMakeFiles/CMakeScratch/TryCompile-bgkykb'
gmake: *** [Makefile:127: cmTC_67a0b/fast] Error 2


File CheckSymbolExists.c:
/* */
#include <float.h>
#include <iconv.h>
#include <inttypes.h>
#include <limits.h>
#include <malloc.h>
#include <math.h>
#include <memory.h>
#include <signal.h>
#include <stdarg.h>
#include <stdbool.h>
#include <stddef.h>
#include <stdint.h>
#include <stdio.h>
#include <stdlib.h>
#include <string.h>
#include <strings.h>
#include <sys/types.h>
#include <time.h>
#include <wchar.h>

int main(int argc, char** argv)
{
  (void)argv;
#ifndef sqr
  return ((int*)(&sqr))[argc];
#else
  (void)argc;
  return 0;
#endif
}
Determining if the strlcat exist failed with the following output:
Change Dir: /home/feng/Projects/myapp/build/CMakeFiles/CMakeScratch/TryCompile-DVRhKz

Run Build Command(s):/usr/bin/gmake -f Makefile cmTC_58040/fast && /usr/bin/gmake  -f CMakeFiles/cmTC_58040.dir/build.make CMakeFiles/cmTC_58040.dir/build
gmake[1]: Entering directory '/home/feng/Projects/myapp/build/CMakeFiles/CMakeScratch/TryCompile-DVRhKz'
Building C object CMakeFiles/cmTC_58040.dir/CheckSymbolExists.c.o
/usr/bin/cc   -D_GNU_SOURCE=1 -o CMakeFiles/cmTC_58040.dir/CheckSymbolExists.c.o -c /home/feng/Projects/myapp/build/CMakeFiles/CMakeScratch/TryCompile-DVRhKz/CheckSymbolExists.c
/home/feng/Projects/myapp/build/CMakeFiles/CMakeScratch/TryCompile-DVRhKz/CheckSymbolExists.c: In function ‘main’:
/home/feng/Projects/myapp/build/CMakeFiles/CMakeScratch/TryCompile-DVRhKz/CheckSymbolExists.c:26:19: error: ‘strlcat’ undeclared (first use in this function); did you mean ‘strncat’?
   26 |   return ((int*)(&strlcat))[argc];
      |                   ^~~~~~~
      |                   strncat
/home/feng/Projects/myapp/build/CMakeFiles/CMakeScratch/TryCompile-DVRhKz/CheckSymbolExists.c:26:19: note: each undeclared identifier is reported only once for each function it appears in
gmake[1]: *** [CMakeFiles/cmTC_58040.dir/build.make:78: CMakeFiles/cmTC_58040.dir/CheckSymbolExists.c.o] Error 1
gmake[1]: Leaving directory '/home/feng/Projects/myapp/build/CMakeFiles/CMakeScratch/TryCompile-DVRhKz'
gmake: *** [Makefile:127: cmTC_58040/fast] Error 2


File CheckSymbolExists.c:
/* */
#include <float.h>
#include <iconv.h>
#include <inttypes.h>
#include <limits.h>
#include <malloc.h>
#include <math.h>
#include <memory.h>
#include <signal.h>
#include <stdarg.h>
#include <stdbool.h>
#include <stddef.h>
#include <stdint.h>
#include <stdio.h>
#include <stdlib.h>
#include <string.h>
#include <strings.h>
#include <sys/types.h>
#include <time.h>
#include <wchar.h>

int main(int argc, char** argv)
{
  (void)argv;
#ifndef strlcat
  return ((int*)(&strlcat))[argc];
#else
  (void)argc;
  return 0;
#endif
}
Determining if the strlcpy exist failed with the following output:
Change Dir: /home/feng/Projects/myapp/build/CMakeFiles/CMakeScratch/TryCompile-ILaNuI

Run Build Command(s):/usr/bin/gmake -f Makefile cmTC_280df/fast && /usr/bin/gmake  -f CMakeFiles/cmTC_280df.dir/build.make CMakeFiles/cmTC_280df.dir/build
gmake[1]: Entering directory '/home/feng/Projects/myapp/build/CMakeFiles/CMakeScratch/TryCompile-ILaNuI'
Building C object CMakeFiles/cmTC_280df.dir/CheckSymbolExists.c.o
/usr/bin/cc   -D_GNU_SOURCE=1 -o CMakeFiles/cmTC_280df.dir/CheckSymbolExists.c.o -c /home/feng/Projects/myapp/build/CMakeFiles/CMakeScratch/TryCompile-ILaNuI/CheckSymbolExists.c
/home/feng/Projects/myapp/build/CMakeFiles/CMakeScratch/TryCompile-ILaNuI/CheckSymbolExists.c: In function ‘main’:
/home/feng/Projects/myapp/build/CMakeFiles/CMakeScratch/TryCompile-ILaNuI/CheckSymbolExists.c:26:19: error: ‘strlcpy’ undeclared (first use in this function); did you mean ‘strncpy’?
   26 |   return ((int*)(&strlcpy))[argc];
      |                   ^~~~~~~
      |                   strncpy
/home/feng/Projects/myapp/build/CMakeFiles/CMakeScratch/TryCompile-ILaNuI/CheckSymbolExists.c:26:19: note: each undeclared identifier is reported only once for each function it appears in
gmake[1]: *** [CMakeFiles/cmTC_280df.dir/build.make:78: CMakeFiles/cmTC_280df.dir/CheckSymbolExists.c.o] Error 1
gmake[1]: Leaving directory '/home/feng/Projects/myapp/build/CMakeFiles/CMakeScratch/TryCompile-ILaNuI'
gmake: *** [Makefile:127: cmTC_280df/fast] Error 2


File CheckSymbolExists.c:
/* */
#include <float.h>
#include <iconv.h>
#include <inttypes.h>
#include <limits.h>
#include <malloc.h>
#include <math.h>
#include <memory.h>
#include <signal.h>
#include <stdarg.h>
#include <stdbool.h>
#include <stddef.h>
#include <stdint.h>
#include <stdio.h>
#include <stdlib.h>
#include <string.h>
#include <strings.h>
#include <sys/types.h>
#include <time.h>
#include <wchar.h>

int main(int argc, char** argv)
{
  (void)argv;
#ifndef strlcpy
  return ((int*)(&strlcpy))[argc];
#else
  (void)argc;
  return 0;
#endif
}
Determining if the strnstr exist failed with the following output:
Change Dir: /home/feng/Projects/myapp/build/CMakeFiles/CMakeScratch/TryCompile-8kXglr

Run Build Command(s):/usr/bin/gmake -f Makefile cmTC_2f661/fast && /usr/bin/gmake  -f CMakeFiles/cmTC_2f661.dir/build.make CMakeFiles/cmTC_2f661.dir/build
gmake[1]: Entering directory '/home/feng/Projects/myapp/build/CMakeFiles/CMakeScratch/TryCompile-8kXglr'
Building C object CMakeFiles/cmTC_2f661.dir/CheckSymbolExists.c.o
/usr/bin/cc   -D_GNU_SOURCE=1 -o CMakeFiles/cmTC_2f661.dir/CheckSymbolExists.c.o -c /home/feng/Projects/myapp/build/CMakeFiles/CMakeScratch/TryCompile-8kXglr/CheckSymbolExists.c
/home/feng/Projects/myapp/build/CMakeFiles/CMakeScratch/TryCompile-8kXglr/CheckSymbolExists.c: In function ‘main’:
/home/feng/Projects/myapp/build/CMakeFiles/CMakeScratch/TryCompile-8kXglr/CheckSymbolExists.c:26:19: error: ‘strnstr’ undeclared (first use in this function); did you mean ‘strstr’?
   26 |   return ((int*)(&strnstr))[argc];
      |                   ^~~~~~~
      |                   strstr
/home/feng/Projects/myapp/build/CMakeFiles/CMakeScratch/TryCompile-8kXglr/CheckSymbolExists.c:26:19: note: each undeclared identifier is reported only once for each function it appears in
gmake[1]: *** [CMakeFiles/cmTC_2f661.dir/build.make:78: CMakeFiles/cmTC_2f661.dir/CheckSymbolExists.c.o] Error 1
gmake[1]: Leaving directory '/home/feng/Projects/myapp/build/CMakeFiles/CMakeScratch/TryCompile-8kXglr'
gmake: *** [Makefile:127: cmTC_2f661/fast] Error 2


File CheckSymbolExists.c:
/* */
#include <float.h>
#include <iconv.h>
#include <inttypes.h>
#include <limits.h>
#include <malloc.h>
#include <math.h>
#include <memory.h>
#include <signal.h>
#include <stdarg.h>
#include <stdbool.h>
#include <stddef.h>
#include <stdint.h>
#include <stdio.h>
#include <stdlib.h>
#include <string.h>
#include <strings.h>
#include <sys/types.h>
#include <time.h>
#include <wchar.h>

int main(int argc, char** argv)
{
  (void)argv;
#ifndef strnstr
  return ((int*)(&strnstr))[argc];
#else
  (void)argc;
  return 0;
#endif
}
Determining if the wcslcat exist failed with the following output:
Change Dir: /home/feng/Projects/myapp/build/CMakeFiles/CMakeScratch/TryCompile-kiTl4F

Run Build Command(s):/usr/bin/gmake -f Makefile cmTC_9a2f6/fast && /usr/bin/gmake  -f CMakeFiles/cmTC_9a2f6.dir/build.make CMakeFiles/cmTC_9a2f6.dir/build
gmake[1]: Entering directory '/home/feng/Projects/myapp/build/CMakeFiles/CMakeScratch/TryCompile-kiTl4F'
Building C object CMakeFiles/cmTC_9a2f6.dir/CheckSymbolExists.c.o
/usr/bin/cc   -D_GNU_SOURCE=1 -o CMakeFiles/cmTC_9a2f6.dir/CheckSymbolExists.c.o -c /home/feng/Projects/myapp/build/CMakeFiles/CMakeScratch/TryCompile-kiTl4F/CheckSymbolExists.c
/home/feng/Projects/myapp/build/CMakeFiles/CMakeScratch/TryCompile-kiTl4F/CheckSymbolExists.c: In function ‘main’:
/home/feng/Projects/myapp/build/CMakeFiles/CMakeScratch/TryCompile-kiTl4F/CheckSymbolExists.c:26:19: error: ‘wcslcat’ undeclared (first use in this function); did you mean ‘wcsncat’?
   26 |   return ((int*)(&wcslcat))[argc];
      |                   ^~~~~~~
      |                   wcsncat
/home/feng/Projects/myapp/build/CMakeFiles/CMakeScratch/TryCompile-kiTl4F/CheckSymbolExists.c:26:19: note: each undeclared identifier is reported only once for each function it appears in
gmake[1]: *** [CMakeFiles/cmTC_9a2f6.dir/build.make:78: CMakeFiles/cmTC_9a2f6.dir/CheckSymbolExists.c.o] Error 1
gmake[1]: Leaving directory '/home/feng/Projects/myapp/build/CMakeFiles/CMakeScratch/TryCompile-kiTl4F'
gmake: *** [Makefile:127: cmTC_9a2f6/fast] Error 2


File CheckSymbolExists.c:
/* */
#include <float.h>
#include <iconv.h>
#include <inttypes.h>
#include <limits.h>
#include <malloc.h>
#include <math.h>
#include <memory.h>
#include <signal.h>
#include <stdarg.h>
#include <stdbool.h>
#include <stddef.h>
#include <stdint.h>
#include <stdio.h>
#include <stdlib.h>
#include <string.h>
#include <strings.h>
#include <sys/types.h>
#include <time.h>
#include <wchar.h>

int main(int argc, char** argv)
{
  (void)argv;
#ifndef wcslcat
  return ((int*)(&wcslcat))[argc];
#else
  (void)argc;
  return 0;
#endif
}
Determining if the wcslcpy exist failed with the following output:
Change Dir: /home/feng/Projects/myapp/build/CMakeFiles/CMakeScratch/TryCompile-iGPfCs

Run Build Command(s):/usr/bin/gmake -f Makefile cmTC_5f980/fast && /usr/bin/gmake  -f CMakeFiles/cmTC_5f980.dir/build.make CMakeFiles/cmTC_5f980.dir/build
gmake[1]: Entering directory '/home/feng/Projects/myapp/build/CMakeFiles/CMakeScratch/TryCompile-iGPfCs'
Building C object CMakeFiles/cmTC_5f980.dir/CheckSymbolExists.c.o
/usr/bin/cc   -D_GNU_SOURCE=1 -o CMakeFiles/cmTC_5f980.dir/CheckSymbolExists.c.o -c /home/feng/Projects/myapp/build/CMakeFiles/CMakeScratch/TryCompile-iGPfCs/CheckSymbolExists.c
/home/feng/Projects/myapp/build/CMakeFiles/CMakeScratch/TryCompile-iGPfCs/CheckSymbolExists.c: In function ‘main’:
/home/feng/Projects/myapp/build/CMakeFiles/CMakeScratch/TryCompile-iGPfCs/CheckSymbolExists.c:26:19: error: ‘wcslcpy’ undeclared (first use in this function); did you mean ‘wcsncpy’?
   26 |   return ((int*)(&wcslcpy))[argc];
      |                   ^~~~~~~
      |                   wcsncpy
/home/feng/Projects/myapp/build/CMakeFiles/CMakeScratch/TryCompile-iGPfCs/CheckSymbolExists.c:26:19: note: each undeclared identifier is reported only once for each function it appears in
gmake[1]: *** [CMakeFiles/cmTC_5f980.dir/build.make:78: CMakeFiles/cmTC_5f980.dir/CheckSymbolExists.c.o] Error 1
gmake[1]: Leaving directory '/home/feng/Projects/myapp/build/CMakeFiles/CMakeScratch/TryCompile-iGPfCs'
gmake: *** [Makefile:127: cmTC_5f980/fast] Error 2


File CheckSymbolExists.c:
/* */
#include <float.h>
#include <iconv.h>
#include <inttypes.h>
#include <limits.h>
#include <malloc.h>
#include <math.h>
#include <memory.h>
#include <signal.h>
#include <stdarg.h>
#include <stdbool.h>
#include <stddef.h>
#include <stdint.h>
#include <stdio.h>
#include <stdlib.h>
#include <string.h>
#include <strings.h>
#include <sys/types.h>
#include <time.h>
#include <wchar.h>

int main(int argc, char** argv)
{
  (void)argv;
#ifndef wcslcpy
  return ((int*)(&wcslcpy))[argc];
#else
  (void)argc;
  return 0;
#endif
}
Determining if the sysctlbyname exist failed with the following output:
Change Dir: /home/feng/Projects/myapp/build/CMakeFiles/CMakeScratch/TryCompile-nVSDWO

Run Build Command(s):/usr/bin/gmake -f Makefile cmTC_b3024/fast && /usr/bin/gmake  -f CMakeFiles/cmTC_b3024.dir/build.make CMakeFiles/cmTC_b3024.dir/build
gmake[1]: Entering directory '/home/feng/Projects/myapp/build/CMakeFiles/CMakeScratch/TryCompile-nVSDWO'
Building C object CMakeFiles/cmTC_b3024.dir/CheckSymbolExists.c.o
/usr/bin/cc   -D_GNU_SOURCE=1 -o CMakeFiles/cmTC_b3024.dir/CheckSymbolExists.c.o -c /home/feng/Projects/myapp/build/CMakeFiles/CMakeScratch/TryCompile-nVSDWO/CheckSymbolExists.c
/home/feng/Projects/myapp/build/CMakeFiles/CMakeScratch/TryCompile-nVSDWO/CheckSymbolExists.c:3:10: fatal error: sys/sysctl.h: No such file or directory
    3 | #include <sys/sysctl.h>
      |          ^~~~~~~~~~~~~~
compilation terminated.
gmake[1]: *** [CMakeFiles/cmTC_b3024.dir/build.make:78: CMakeFiles/cmTC_b3024.dir/CheckSymbolExists.c.o] Error 1
gmake[1]: Leaving directory '/home/feng/Projects/myapp/build/CMakeFiles/CMakeScratch/TryCompile-nVSDWO'
gmake: *** [Makefile:127: cmTC_b3024/fast] Error 2


File CheckSymbolExists.c:
/* */
#include <sys/types.h>
#include <sys/sysctl.h>

int main(int argc, char** argv)
{
  (void)argv;
#ifndef sysctlbyname
  return ((int*)(&sysctlbyname))[argc];
#else
  (void)argc;
  return 0;
#endif
}
Determining if the elf_aux_info exist failed with the following output:
Change Dir: /home/feng/Projects/myapp/build/CMakeFiles/CMakeScratch/TryCompile-qT0GVv

Run Build Command(s):/usr/bin/gmake -f Makefile cmTC_df4a9/fast && /usr/bin/gmake  -f CMakeFiles/cmTC_df4a9.dir/build.make CMakeFiles/cmTC_df4a9.dir/build
gmake[1]: Entering directory '/home/feng/Projects/myapp/build/CMakeFiles/CMakeScratch/TryCompile-qT0GVv'
Building C object CMakeFiles/cmTC_df4a9.dir/CheckSymbolExists.c.o
/usr/bin/cc   -D_GNU_SOURCE=1 -o CMakeFiles/cmTC_df4a9.dir/CheckSymbolExists.c.o -c /home/feng/Projects/myapp/build/CMakeFiles/CMakeScratch/TryCompile-qT0GVv/CheckSymbolExists.c
/home/feng/Projects/myapp/build/CMakeFiles/CMakeScratch/TryCompile-qT0GVv/CheckSymbolExists.c: In function ‘main’:
/home/feng/Projects/myapp/build/CMakeFiles/CMakeScratch/TryCompile-qT0GVv/CheckSymbolExists.c:8:19: error: ‘elf_aux_info’ undeclared (first use in this function)
    8 |   return ((int*)(&elf_aux_info))[argc];
      |                   ^~~~~~~~~~~~
/home/feng/Projects/myapp/build/CMakeFiles/CMakeScratch/TryCompile-qT0GVv/CheckSymbolExists.c:8:19: note: each undeclared identifier is reported only once for each function it appears in
gmake[1]: *** [CMakeFiles/cmTC_df4a9.dir/build.make:78: CMakeFiles/cmTC_df4a9.dir/CheckSymbolExists.c.o] Error 1
gmake[1]: Leaving directory '/home/feng/Projects/myapp/build/CMakeFiles/CMakeScratch/TryCompile-qT0GVv'
gmake: *** [Makefile:127: cmTC_df4a9/fast] Error 2


File CheckSymbolExists.c:
/* */
#include <sys/auxv.h>

int main(int argc, char** argv)
{
  (void)argv;
#ifndef elf_aux_info
  return ((int*)(&elf_aux_info))[argc];
#else
  (void)argc;
  return 0;
#endif
}
Determining if the posix_spawn_file_actions_addchdir exist failed with the following output:
Change Dir: /home/feng/Projects/myapp/build/CMakeFiles/CMakeScratch/TryCompile-IoXGP3

Run Build Command(s):/usr/bin/gmake -f Makefile cmTC_6ab76/fast && /usr/bin/gmake  -f CMakeFiles/cmTC_6ab76.dir/build.make CMakeFiles/cmTC_6ab76.dir/build
gmake[1]: Entering directory '/home/feng/Projects/myapp/build/CMakeFiles/CMakeScratch/TryCompile-IoXGP3'
Building C object CMakeFiles/cmTC_6ab76.dir/CheckSymbolExists.c.o
/usr/bin/cc   -D_GNU_SOURCE=1 -o CMakeFiles/cmTC_6ab76.dir/CheckSymbolExists.c.o -c /home/feng/Projects/myapp/build/CMakeFiles/CMakeScratch/TryCompile-IoXGP3/CheckSymbolExists.c
/home/feng/Projects/myapp/build/CMakeFiles/CMakeScratch/TryCompile-IoXGP3/CheckSymbolExists.c: In function ‘main’:
/home/feng/Projects/myapp/build/CMakeFiles/CMakeScratch/TryCompile-IoXGP3/CheckSymbolExists.c:8:19: error: ‘posix_spawn_file_actions_addchdir’ undeclared (first use in this function); did you mean ‘posix_spawn_file_actions_addchdir_np’?
    8 |   return ((int*)(&posix_spawn_file_actions_addchdir))[argc];
      |                   ^~~~~~~~~~~~~~~~~~~~~~~~~~~~~~~~~
      |                   posix_spawn_file_actions_addchdir_np
/home/feng/Projects/myapp/build/CMakeFiles/CMakeScratch/TryCompile-IoXGP3/CheckSymbolExists.c:8:19: note: each undeclared identifier is reported only once for each function it appears in
gmake[1]: *** [CMakeFiles/cmTC_6ab76.dir/build.make:78: CMakeFiles/cmTC_6ab76.dir/CheckSymbolExists.c.o] Error 1
gmake[1]: Leaving directory '/home/feng/Projects/myapp/build/CMakeFiles/CMakeScratch/TryCompile-IoXGP3'
gmake: *** [Makefile:127: cmTC_6ab76/fast] Error 2


File CheckSymbolExists.c:
/* */
#include <spawn.h>

int main(int argc, char** argv)
{
  (void)argv;
#ifndef posix_spawn_file_actions_addchdir
  return ((int*)(&posix_spawn_file_actions_addchdir))[argc];
#else
  (void)argc;
  return 0;
#endif
}
Performing C SOURCE FILE Test ICONV_IN_LIBICONV failed with the following output:
Change Dir: /home/feng/Projects/myapp/build/CMakeFiles/CMakeScratch/TryCompile-wVDWjX

Run Build Command(s):/usr/bin/gmake -f Makefile cmTC_e0884/fast && /usr/bin/gmake  -f CMakeFiles/cmTC_e0884.dir/build.make CMakeFiles/cmTC_e0884.dir/build
gmake[1]: Entering directory '/home/feng/Projects/myapp/build/CMakeFiles/CMakeScratch/TryCompile-wVDWjX'
Building C object CMakeFiles/cmTC_e0884.dir/src.c.o
/usr/bin/cc -DICONV_IN_LIBICONV  -D_GNU_SOURCE=1 -o CMakeFiles/cmTC_e0884.dir/src.c.o -c /home/feng/Projects/myapp/build/CMakeFiles/CMakeScratch/TryCompile-wVDWjX/src.c
Linking C executable cmTC_e0884
/usr/bin/cmake -E cmake_link_script CMakeFiles/cmTC_e0884.dir/link.txt --verbose=1
/usr/bin/cc   -D_GNU_SOURCE=1 CMakeFiles/cmTC_e0884.dir/src.c.o -o cmTC_e0884  -liconv 
/usr/bin/ld: cannot find -liconv: No such file or directory
collect2: error: ld returned 1 exit status
gmake[1]: *** [CMakeFiles/cmTC_e0884.dir/build.make:99: cmTC_e0884] Error 1
gmake[1]: Leaving directory '/home/feng/Projects/myapp/build/CMakeFiles/CMakeScratch/TryCompile-wVDWjX'
gmake: *** [Makefile:127: cmTC_e0884/fast] Error 2


Source file was:

        #include <stddef.h>
        #include <iconv.h>
        int main(int argc, char **argv) {
            return !iconv_open(NULL,NULL);
        }

Determining if the include file libudev.h exists failed with the following output:
Change Dir: /home/feng/Projects/myapp/build/CMakeFiles/CMakeScratch/TryCompile-84MD5A

Run Build Command(s):/usr/bin/gmake -f Makefile cmTC_cb9c5/fast && /usr/bin/gmake  -f CMakeFiles/cmTC_cb9c5.dir/build.make CMakeFiles/cmTC_cb9c5.dir/build
gmake[1]: Entering directory '/home/feng/Projects/myapp/build/CMakeFiles/CMakeScratch/TryCompile-84MD5A'
Building C object CMakeFiles/cmTC_cb9c5.dir/CheckIncludeFile.c.o
/usr/bin/cc   -D_GNU_SOURCE=1 -o CMakeFiles/cmTC_cb9c5.dir/CheckIncludeFile.c.o -c /home/feng/Projects/myapp/build/CMakeFiles/CMakeScratch/TryCompile-84MD5A/CheckIncludeFile.c
/home/feng/Projects/myapp/build/CMakeFiles/CMakeScratch/TryCompile-84MD5A/CheckIncludeFile.c:1:10: fatal error: libudev.h: No such file or directory
    1 | #include <libudev.h>
      |          ^~~~~~~~~~~
compilation terminated.
gmake[1]: *** [CMakeFiles/cmTC_cb9c5.dir/build.make:78: CMakeFiles/cmTC_cb9c5.dir/CheckIncludeFile.c.o] Error 1
gmake[1]: Leaving directory '/home/feng/Projects/myapp/build/CMakeFiles/CMakeScratch/TryCompile-84MD5A'
gmake: *** [Makefile:127: cmTC_cb9c5/fast] Error 2



Performing C SOURCE FILE Test LIBC_HAS_WORKING_LIBUNWIND failed with the following output:
Change Dir: /home/feng/Projects/myapp/build/CMakeFiles/CMakeScratch/TryCompile-gFrksD

Run Build Command(s):/usr/bin/gmake -f Makefile cmTC_ee67d/fast && /usr/bin/gmake  -f CMakeFiles/cmTC_ee67d.dir/build.make CMakeFiles/cmTC_ee67d.dir/build
gmake[1]: Entering directory '/home/feng/Projects/myapp/build/CMakeFiles/CMakeScratch/TryCompile-gFrksD'
Building C object CMakeFiles/cmTC_ee67d.dir/src.c.o
/usr/bin/cc -DLIBC_HAS_WORKING_LIBUNWIND  -D_GNU_SOURCE=1 -o CMakeFiles/cmTC_ee67d.dir/src.c.o -c /home/feng/Projects/myapp/build/CMakeFiles/CMakeScratch/TryCompile-gFrksD/src.c
/home/feng/Projects/myapp/build/CMakeFiles/CMakeScratch/TryCompile-gFrksD/src.c:1:16: fatal error: libunwind.h: No such file or directory
    1 |       #include <libunwind.h>
      |                ^~~~~~~~~~~~~
compilation terminated.
gmake[1]: *** [CMakeFiles/cmTC_ee67d.dir/build.make:78: CMakeFiles/cmTC_ee67d.dir/src.c.o] Error 1
gmake[1]: Leaving directory '/home/feng/Projects/myapp/build/CMakeFiles/CMakeScratch/TryCompile-gFrksD'
gmake: *** [Makefile:127: cmTC_ee67d/fast] Error 2


Source file was:
      #include <libunwind.h>
      int main(int argc, char *argv[]) {
        (void)argc; (void)argv;
        unw_context_t context;
        unw_cursor_t cursor;
        unw_word_t pc;
        char sym[256];
        unw_word_t offset;
        unw_getcontext(&context);
        unw_step(&cursor);
        unw_get_reg(&cursor, UNW_REG_IP, &pc);
        unw_get_proc_name(&cursor, sym, sizeof(sym), &offset);
        return 0;
      }

Performing C SOURCE FILE Test LIBUNWIND_HAS_WORKINGLIBUNWIND failed with the following output:
Change Dir: /home/feng/Projects/myapp/build/CMakeFiles/CMakeScratch/TryCompile-8AijsI

Run Build Command(s):/usr/bin/gmake -f Makefile cmTC_20314/fast && /usr/bin/gmake  -f CMakeFiles/cmTC_20314.dir/build.make CMakeFiles/cmTC_20314.dir/build
gmake[1]: Entering directory '/home/feng/Projects/myapp/build/CMakeFiles/CMakeScratch/TryCompile-8AijsI'
Building C object CMakeFiles/cmTC_20314.dir/src.c.o
/usr/bin/cc -DLIBUNWIND_HAS_WORKINGLIBUNWIND  -D_GNU_SOURCE=1 -o CMakeFiles/cmTC_20314.dir/src.c.o -c /home/feng/Projects/myapp/build/CMakeFiles/CMakeScratch/TryCompile-8AijsI/src.c
/home/feng/Projects/myapp/build/CMakeFiles/CMakeScratch/TryCompile-8AijsI/src.c:1:16: fatal error: libunwind.h: No such file or directory
    1 |       #include <libunwind.h>
      |                ^~~~~~~~~~~~~
compilation terminated.
gmake[1]: *** [CMakeFiles/cmTC_20314.dir/build.make:78: CMakeFiles/cmTC_20314.dir/src.c.o] Error 1
gmake[1]: Leaving directory '/home/feng/Projects/myapp/build/CMakeFiles/CMakeScratch/TryCompile-8AijsI'
gmake: *** [Makefile:127: cmTC_20314/fast] Error 2


Source file was:
      #include <libunwind.h>
      int main(int argc, char *argv[]) {
        (void)argc; (void)argv;
        unw_context_t context;
        unw_cursor_t cursor;
        unw_word_t pc;
        char sym[256];
        unw_word_t offset;
        unw_getcontext(&context);
        unw_step(&cursor);
        unw_get_reg(&cursor, UNW_REG_IP, &pc);
        unw_get_proc_name(&cursor, sym, sizeof(sym), &offset);
        return 0;
      }

Determining if the include file pthread_np.h exists failed with the following output:
Change Dir: /home/feng/Projects/myapp/build/CMakeFiles/CMakeScratch/TryCompile-HtOAww

Run Build Command(s):/usr/bin/gmake -f Makefile cmTC_d3546/fast && /usr/bin/gmake  -f CMakeFiles/cmTC_d3546.dir/build.make CMakeFiles/cmTC_d3546.dir/build
gmake[1]: Entering directory '/home/feng/Projects/myapp/build/CMakeFiles/CMakeScratch/TryCompile-HtOAww'
Building C object CMakeFiles/cmTC_d3546.dir/CheckIncludeFile.c.o
/usr/bin/cc   -D_GNU_SOURCE=1 -D_REENTRANT -pthread -o CMakeFiles/cmTC_d3546.dir/CheckIncludeFile.c.o -c /home/feng/Projects/myapp/build/CMakeFiles/CMakeScratch/TryCompile-HtOAww/CheckIncludeFile.c
/home/feng/Projects/myapp/build/CMakeFiles/CMakeScratch/TryCompile-HtOAww/CheckIncludeFile.c:1:10: fatal error: pthread_np.h: No such file or directory
    1 | #include <pthread_np.h>
      |          ^~~~~~~~~~~~~~
compilation terminated.
gmake[1]: *** [CMakeFiles/cmTC_d3546.dir/build.make:78: CMakeFiles/cmTC_d3546.dir/CheckIncludeFile.c.o] Error 1
gmake[1]: Leaving directory '/home/feng/Projects/myapp/build/CMakeFiles/CMakeScratch/TryCompile-HtOAww'
gmake: *** [Makefile:127: cmTC_d3546/fast] Error 2



